
Allocating common symbols
Common symbol       size              file

uninitialized       0x4               app.o

Memory Configuration

Name             Origin             Length             Attributes
flash            0x08000000         0x00020000         xr
sram             0x20000000         0x00005000         xrw
*default*        0x00000000         0xffffffff

Linker script and memory map


.text           0x08000000      0x11f
 *(.vectors*)
 .vectors       0x08000000       0x1c startup.o
                0x08000000                vectors
 *(.text*)
 .text          0x0800001c       0x90 startup.o
                0x0800001c                Bus_fault_Handler
                0x0800001c                MM_fault_Handler
                0x0800001c                Usage_fault_Handler
                0x0800001c                H_fault_Handler
                0x0800001c                Default_Handler
                0x0800001c                NMI_Handler
                0x08000028                Reset_Handler
 .text          0x080000ac       0x70 app.o
                0x080000ac                main
 *(.rodata)
 .rodata        0x0800011c        0x3 app.o
                0x0800011c                const_vars
                0x0800011f                _E_text = .

.glue_7         0x08000120        0x0
 .glue_7        0x08000120        0x0 linker stubs

.glue_7t        0x08000120        0x0
 .glue_7t       0x08000120        0x0 linker stubs

.vfp11_veneer   0x08000120        0x0
 .vfp11_veneer  0x08000120        0x0 linker stubs

.v4_bx          0x08000120        0x0
 .v4_bx         0x08000120        0x0 linker stubs

.iplt           0x08000120        0x0
 .iplt          0x08000120        0x0 startup.o

.rel.dyn        0x08000120        0x0
 .rel.iplt      0x08000120        0x0 startup.o

.data           0x20000000        0x8 load address 0x0800011f
                0x20000000                _S_DATA = .
 *(.data)
 .data          0x20000000        0x0 startup.o
 .data          0x20000000        0x8 app.o
                0x20000000                g_vars
                0x20000004                R_ODR
                0x20000008                _E_DATA = .

.igot.plt       0x20000008        0x0 load address 0x08000127
 .igot.plt      0x20000008        0x0 startup.o

.bss            0x20000008     0x1004 load address 0x08000127
                0x20000008                _S_bss = .
 *(.bss*)
 .bss           0x20000008        0x0 startup.o
 .bss           0x20000008        0x0 app.o
                0x20000008                . = ALIGN (0x4)
                0x20000008                _E_bss = .
                0x20001008                . = (. + 0x1000)
 *fill*         0x20000008     0x1000 
                0x20001008                _stack_top = .
 COMMON         0x20001008        0x4 app.o
                0x20001008                uninitialized
LOAD startup.o
LOAD app.o
OUTPUT(LID.elf elf32-littlearm)

.debug_info     0x00000000      0x358
 .debug_info    0x00000000      0x190 startup.o
 .debug_info    0x00000190      0x1c8 app.o

.debug_abbrev   0x00000000      0x1cd
 .debug_abbrev  0x00000000       0xd6 startup.o
 .debug_abbrev  0x000000d6       0xf7 app.o

.debug_loc      0x00000000       0xb4
 .debug_loc     0x00000000       0x7c startup.o
 .debug_loc     0x0000007c       0x38 app.o

.debug_aranges  0x00000000       0x40
 .debug_aranges
                0x00000000       0x20 startup.o
 .debug_aranges
                0x00000020       0x20 app.o

.debug_line     0x00000000      0x27b
 .debug_line    0x00000000      0x13e startup.o
 .debug_line    0x0000013e      0x13d app.o

.debug_str      0x00000000      0x1f7
 .debug_str     0x00000000      0x190 startup.o
                                0x1cd (size before relaxing)
 .debug_str     0x00000190       0x67 app.o
                                0x1bb (size before relaxing)

.comment        0x00000000       0x7e
 .comment       0x00000000       0x7e startup.o
                                 0x7f (size before relaxing)
 .comment       0x0000007e       0x7f app.o

.ARM.attributes
                0x00000000       0x33
 .ARM.attributes
                0x00000000       0x33 startup.o
 .ARM.attributes
                0x00000033       0x33 app.o

.debug_frame    0x00000000       0x7c
 .debug_frame   0x00000000       0x50 startup.o
 .debug_frame   0x00000050       0x2c app.o
