
Memory Configuration

Name             Origin             Length             Attributes
Mem              0x00000000         0x04000000         xrw
*default*        0x00000000         0xffffffff

Linker script and memory map

                0x00010000                . = 0x10000

.startup        0x00010000       0x10
 startup.o(.text)
 .text          0x00010000       0x10 startup.o
                0x00010000                reset

.text           0x00010010       0x8c
 *(.text)
 .text          0x00010010       0x5c uart.o
                0x00010010                Uart_send_string
 .text          0x0001006c       0x30 app.o
                0x0001006c                main
 *(.rodata)

.glue_7         0x0001009c        0x0
 .glue_7        0x0001009c        0x0 linker stubs

.glue_7t        0x0001009c        0x0
 .glue_7t       0x0001009c        0x0 linker stubs

.vfp11_veneer   0x0001009c        0x0
 .vfp11_veneer  0x0001009c        0x0 linker stubs

.v4_bx          0x0001009c        0x0
 .v4_bx         0x0001009c        0x0 linker stubs

.iplt           0x0001009c        0x0
 .iplt          0x0001009c        0x0 startup.o

.rel.dyn        0x0001009c        0x0
 .rel.iplt      0x0001009c        0x0 startup.o

.data           0x0001009c       0x64
 *(.data)
 .data          0x0001009c        0x0 startup.o
 .data          0x0001009c        0x0 uart.o
 .data          0x0001009c       0x64 app.o
                0x0001009c                string_buffer

.igot.plt       0x00010100        0x0
 .igot.plt      0x00010100        0x0 startup.o

.bss            0x00010100        0x0
 *(.bss)
 .bss           0x00010100        0x0 startup.o
 .bss           0x00010100        0x0 uart.o
 .bss           0x00010100        0x0 app.o

.others
 *(COMMON)
                0x00011100                . = (. + 0x1000)
                0x00011100                top_of_stack = .
LOAD uart.o
LOAD startup.o
LOAD app.o
OUTPUT(LID.elf elf32-littlearm)

.ARM.attributes
                0x00000000       0x2e
 .ARM.attributes
                0x00000000       0x22 startup.o
 .ARM.attributes
                0x00000022       0x32 uart.o
 .ARM.attributes
                0x00000054       0x32 app.o

.comment        0x00000000       0x7e
 .comment       0x00000000       0x7e uart.o
                                 0x7f (size before relaxing)
 .comment       0x0000007e       0x7f app.o

.debug_info     0x00000000       0x87
 .debug_info    0x00000000       0x87 app.o

.debug_abbrev   0x00000000       0x7f
 .debug_abbrev  0x00000000       0x7f app.o

.debug_aranges  0x00000000       0x20
 .debug_aranges
                0x00000000       0x20 app.o

.debug_line     0x00000000       0x37
 .debug_line    0x00000000       0x37 app.o

.debug_str      0x00000000       0xd2
 .debug_str     0x00000000       0xd2 app.o

.debug_frame    0x00000000       0x30
 .debug_frame   0x00000000       0x30 app.o
